ablehulu-yay
abraham-yay
adam-yay
alan-yay
alex-yay
alexa-yay
alexander-yay
alexandra-yay
allison-yay
andrew-yay
anthony-yay
anwaar-yay
ashley-yay
atreya-yay
austin-yay
azaiah-yay
enjamin-bay
owei-bay
aden-bray
ayden-bray
endon-bray
ian-bray
an-bryay
etan-chay
istian-chray
istopher-chray
ody-cay
onnor-cay
ia-cynthay
aniel-day
eepali-day
eividas-day
evam-day
uv-dhray
iksha-day
o-dmytray
an-dylay
edgar-yay
enrique-yay
eric-yay
ethan-yay
idel-fay
ancisco-fray
abriel-gay
arrett-gay
ary-gay
opal-gay
ace-gray
ayson-gray
urmanjeet-gay
eather-hay
iram-yay
acob-jay
ames-jay
ason-jay
ayesh-jay
eremiah-jay
esse-jay
eyna-jay
oel-jay
ordan-jay
arandeep-kay
elvin-kay
evin-kay
imberly-kay
ounsu-kway
e-kylay
ars-lay
eon-lay
ogen-lay
uke-lay
adeline-may
anuel-may
artin-may
arylin-may
ason-may
atthew-may
auricio-may
ax-may
axwell-may
ermott-mcday
ichael-may
oises-may
organ-may
es-mylay
athaniel-nay
issa-nay
oah-nay
atrick-pay
iradeepan-pay
atiksha-pray
eston-pray
andall-ray
ayen-ray
eed-ray
obert-ray
oberto-ray
an-ryay
alvador-say
am-say
amuel-say
angho-say
ott-scay
erina-say
ahin-shay
ujeet-say
ornima-sway
anushree-tay
ommy-tay
ony-tay
aleria-vay
ulin-yay
uya-yay
achary-zay
aiba-zay
