alexander-yay
allison-yay
anthony-yay
atreya-yay
enjamin-bay
aden-bray
an-bryay
istian-chray
ia-cynthay
an-dylay
ethan-yay
idel-fay
urmanjeet-gay
ason-jay
eremiah-jay
elvin-kay
imberly-kay
eon-lay
uke-lay
ason-may
axwell-may
athaniel-nay
issa-nay
oah-nay
eston-pray
eed-ray
an-ryay
am-say
amuel-say
ommy-tay
ulin-yay
