ablehulu-yay
abraham-yay
alexa-yay
anthony-yay
azaiah-yay
eividas-day
an-dylay
edgar-yay
eric-yay
ace-gray
eather-hay
iram-yay
eyna-jay
evin-kay
ounsu-kway
anuel-may
arylin-may
ason-may
ermott-mcday
oises-may
organ-may
es-mylay
ayen-ray
oberto-ray
an-ryay
alvador-say
angho-say
ahin-shay
ornima-sway
anushree-tay
ony-tay
achary-zay
