Ablehulu
Abraham
Adam
Alan
Alex
Alexa
Alexander
Alexandra
Allison
Andrew
Anthony
Anwaar
Ashley
Atreya
Austin
Azaiah
Benjamin
Bowei
Braden
Brayden
Brendon
Brian
Bryan
Chetan
Christian
Christopher
Cody
Connor
Cynthia
Daniel
Deepali
Deividas
Devam
Dhruv
Diksha
Dmytro
Dylan
Edgar
Enrique
Eric
Ethan
Fidel
Francisco
Gabriel
Garrett
Gary
Gopal
Grace
Grayson
Gurmanjeet
Heather
Iram
Jacob
James
Jason
Jayesh
Jeremiah
Jesse
Jeyna
Joel
Jordan
Karandeep
Kelvin
Kevin
Kimberly
Kwounsu
Kyle
Lars
Leon
Logen
Luke
Madeline
Manuel
Martin
Marylin
Mason
Matthew
Mauricio
Max
Maxwell
McDermott
Michael
Moises
Morgan
Myles
Nathaniel
Nissa
Noah
Patrick
Piradeepan
Pratiksha
Preston
Randall
Rayen
Reed
Robert
Roberto
Ryan
Salvador
Sam
Samuel
Sangho
Scott
Serina
Shahin
Sujeet
Swornima
TANUSHREE
Tommy
Tony
Valeria
Yulin
Yuya
Zachary
Zaiba
