Adam
Alex
Andrew
Anwaar
Austin
Benjamin
Brendon
Chetan
Christopher
Cody
Daniel
Deepali
Diksha
Dmytro
Enrique
Gary
Grayson
Jacob
James
Jesse
Joel
Lars
Madeline
Martin
Michael
Patrick
Piradeepan
Pratiksha
Robert
Sujeet
Yuya
Zaiba
